// Jest Snapshot v1, https://goo.gl/fbAQLP

exports[`renders logger system 1`] = `<div />`;
